main :: forall 'a. 'a -> 'a = if True
          then let g = (recfun f x = x);
               in g
          else let g = (recfun f x = x);
               in g
