main :: forall 'a. ('a + 'a) -> 'a = (recfun f x = case x of {Inl z -> z; Inr k -> k;})
