main :: (Bool * Bool) -> Bool = (recfun f x = if fst x
                        then fst x
                        else snd x)
