main :: (Bool * Int) -> Int = (recfun f x = if fst x
                        then snd x
                        else f (True, 10))
