main :: forall 'a 'b. (() * (Int + 'b)) + 'a = Inl ((), Inl 3)
