main :: Int -> Int = (recfun f x = if (==) x 0
                        then 0
                        else f ((-) x 1))
