main :: forall 'a. 'a + Int = case (recfun f x = Inl x) 1 of {Inl x -> Inr x; Inr y -> Inl y;}
