main :: Int = let f = (recfun f x = (+) x x);
              in f 1
