main :: Int = let g = (recfun f x = (+) x x);
       in g 1
