main :: forall 'a. Int * ((Bool + 'a) * Bool) = (1, (Inl True, False))
