main :: forall 'a 'b. (Bool + 'a) + 'b = Inl (Inl True)
